[2026-03-08T12:30:03.076Z] Starting article generation...
Processing 10 item(s)...

--- [GamingOnLinux] Valve reconfirm the Steam Frame, Steam Machine and Steam Controller are due in 2026 ---
  -> Not relevant. Discarding.

--- [GamingOnLinux] Wine 11.4 released with DirectSound and MSXML improvements ---
  -> Article created: wine-11-4-released-with-directsound-improvements-for-linux-gaming (ecf03696-edfe-46ce-b0da-1f98d1a9c9f0)

--- [GamingOnLinux] Transport Fever 3 confirmed for Linux and macOS support ---
  -> Article created: transport-fever-3-confirmed-for-linux-opening-doors-for-steam-deck (cd9d3798-40c9-4067-b679-4fa998986874)

--- [GamingOnLinux] Weird teeth-pulling tactical roguelite Sol Cesto hits 1.0 in April ---
  -> Not relevant. Discarding.

--- [GamingOnLinux] Slay the Spire 2 becomes the biggest roguelike deck-builder on Steam ever ---
  -> Article created: slay-the-spire-2-shatters-records-as-steam-s-biggest-deck-builder (c95419a1-70fe-4bb7-b45d-0d402d88f88a)

--- [GamingOnLinux] The excellent fusion of Balatro and chess in Gambonanza releases May 1 ---
  -> Article created: gambonanza-launches-may-1-chess-poker-fusion-coming-to-steam (167ee7bf-d19e-4a20-8dd5-e22612f261f8)

--- [GamingOnLinux] Cyberpunk action RPG 'RUINER 2' with co-op announced by Reikon Games ---
  -> Not relevant. Discarding.

--- [GamingOnLinux] Valve gives Steam developer and publisher pages a lot more customization options ---
  -> Not relevant. Discarding.

--- [GamingOnLinux] Xbox "Project Helix" confirmed to run Xbox and PC games - competition for the Steam Machine ---
  -> Article created: microsoft-s-xbox-project-helix-a-new-handheld-competitor-emerges (726054cf-73e3-4872-8fad-fe6de9d9b8bb)

--- [GamingOnLinux] Many more US states are planning or already have operating system age verification laws ---
  -> Not relevant. Discarding.

[2026-03-08T12:30:48.734Z] Article generation complete.
  Generated: 5
  Discarded: 5
  Errors: 0
